<?xml version="1.0" encoding="UTF-8"?>
<testsuites name="jest tests" tests="1" failures="0" time="4.066">
  <testsuite name="test\proto\sum.test.js" errors="0" failures="0" skipped="0" timestamp="2019-10-01T13:50:30" time="0.625" tests="1">
    <testcase classname=" adds 1 + 2 to equal 3" name=" adds 1 + 2 to equal 3" time="0.001">
    </testcase>
  </testsuite>
</testsuites>